current directory: /Users/kush/FacialCamera/vendor/bundle/ruby/3.2.0/gems/json-2.19.0/ext/json/ext/parser
/Users/kush/.rbenv/versions/3.2.0/bin/ruby -I /Users/kush/.rbenv/versions/3.2.0/lib/ruby/3.2.0 extconf.rb
checking for rb_enc_interned_str() in ruby/encoding.h... yes
checking for rb_str_to_interned_str() in ruby.h... yes
checking for rb_hash_new_capa() in ruby.h... yes
checking for rb_hash_bulk_insert() in ruby.h... yes
checking for whether -std=c99 is accepted as CFLAGS... yes
checking for arm_neon.h... yes
checking for cpuid.h... no
creating Makefile

current directory: /Users/kush/FacialCamera/vendor/bundle/ruby/3.2.0/gems/json-2.19.0/ext/json/ext/parser
make DESTDIR\= sitearchdir\=./.gem.20260306-6358-xkak5a sitelibdir\=./.gem.20260306-6358-xkak5a clean

current directory: /Users/kush/FacialCamera/vendor/bundle/ruby/3.2.0/gems/json-2.19.0/ext/json/ext/parser
make DESTDIR\= sitearchdir\=./.gem.20260306-6358-xkak5a sitelibdir\=./.gem.20260306-6358-xkak5a
compiling parser.c
linking shared-object json/ext/parser.bundle
ld: warning: ignoring duplicate libraries: '-lruby.3.2'

current directory: /Users/kush/FacialCamera/vendor/bundle/ruby/3.2.0/gems/json-2.19.0/ext/json/ext/parser
make DESTDIR\= sitearchdir\=./.gem.20260306-6358-xkak5a sitelibdir\=./.gem.20260306-6358-xkak5a install
/usr/bin/install -c -m 0755 parser.bundle ./.gem.20260306-6358-xkak5a/json/ext

current directory: /Users/kush/FacialCamera/vendor/bundle/ruby/3.2.0/gems/json-2.19.0/ext/json/ext/parser
make DESTDIR\= sitearchdir\=./.gem.20260306-6358-xkak5a sitelibdir\=./.gem.20260306-6358-xkak5a clean
